  Determining projects to restore...
C:\Program Files\dotnet\sdk\10.0.204\NuGet.targets(780,5): error : Failed to read NuGet.Config due to unauthorized access. Path: 'C:\Users\hersh\AppData\Roaming\NuGet\NuGet.Config'. [C:\WorkSrc\MUTHUR\.worktrees\T-119\.worktrees\w119b\tests\Muthur.XmlDocCheck.Tests\Muthur.XmlDocCheck.Tests.csproj]
C:\Program Files\dotnet\sdk\10.0.204\NuGet.targets(780,5): error :   Access to the path 'C:\Users\hersh\AppData\Roaming\NuGet\NuGet.Config' is denied. [C:\WorkSrc\MUTHUR\.worktrees\T-119\.worktrees\w119b\tests\Muthur.XmlDocCheck.Tests\Muthur.XmlDocCheck.Tests.csproj]
C:\Program Files\dotnet\sdk\10.0.204\NuGet.targets(780,5): error : Failed to read NuGet.Config due to unauthorized access. Path: 'C:\Users\hersh\AppData\Roaming\NuGet\NuGet.Config'. [C:\WorkSrc\MUTHUR\.worktrees\T-119\.worktrees\w119b\tools\Muthur.XmlDocCheck\Muthur.XmlDocCheck.csproj]
C:\Program Files\dotnet\sdk\10.0.204\NuGet.targets(780,5): error :   Access to the path 'C:\Users\hersh\AppData\Roaming\NuGet\NuGet.Config' is denied. [C:\WorkSrc\MUTHUR\.worktrees\T-119\.worktrees\w119b\tools\Muthur.XmlDocCheck\Muthur.XmlDocCheck.csproj]
C:\Program Files\dotnet\sdk\10.0.204\NuGet.targets(780,5): error : Failed to read NuGet.Config due to unauthorized access. Path: 'C:\Users\hersh\AppData\Roaming\NuGet\NuGet.Config'. [C:\WorkSrc\MUTHUR\.worktrees\T-119\.worktrees\w119b\tests\Muthur.Server.Tests\Muthur.Server.Tests.csproj]
C:\Program Files\dotnet\sdk\10.0.204\NuGet.targets(780,5): error :   Access to the path 'C:\Users\hersh\AppData\Roaming\NuGet\NuGet.Config' is denied. [C:\WorkSrc\MUTHUR\.worktrees\T-119\.worktrees\w119b\tests\Muthur.Server.Tests\Muthur.Server.Tests.csproj]
C:\Program Files\dotnet\sdk\10.0.204\NuGet.targets(780,5): error : Failed to read NuGet.Config due to unauthorized access. Path: 'C:\Users\hersh\AppData\Roaming\NuGet\NuGet.Config'. [C:\WorkSrc\MUTHUR\.worktrees\T-119\.worktrees\w119b\tests\Muthur.Core.Tests\Muthur.Core.Tests.csproj]
C:\Program Files\dotnet\sdk\10.0.204\NuGet.targets(780,5): error :   Access to the path 'C:\Users\hersh\AppData\Roaming\NuGet\NuGet.Config' is denied. [C:\WorkSrc\MUTHUR\.worktrees\T-119\.worktrees\w119b\tests\Muthur.Core.Tests\Muthur.Core.Tests.csproj]
C:\Program Files\dotnet\sdk\10.0.204\NuGet.targets(780,5): error : Failed to read NuGet.Config due to unauthorized access. Path: 'C:\Users\hersh\AppData\Roaming\NuGet\NuGet.Config'. [C:\WorkSrc\MUTHUR\.worktrees\T-119\.worktrees\w119b\src\Muthur.Contracts\Muthur.Contracts.csproj]
C:\Program Files\dotnet\sdk\10.0.204\NuGet.targets(780,5): error :   Access to the path 'C:\Users\hersh\AppData\Roaming\NuGet\NuGet.Config' is denied. [C:\WorkSrc\MUTHUR\.worktrees\T-119\.worktrees\w119b\src\Muthur.Contracts\Muthur.Contracts.csproj]
C:\Program Files\dotnet\sdk\10.0.204\NuGet.targets(780,5): error : Failed to read NuGet.Config due to unauthorized access. Path: 'C:\Users\hersh\AppData\Roaming\NuGet\NuGet.Config'. [C:\WorkSrc\MUTHUR\.worktrees\T-119\.worktrees\w119b\tests\Muthur.Launch.Tests\Muthur.Launch.Tests.csproj]
C:\Program Files\dotnet\sdk\10.0.204\NuGet.targets(780,5): error :   Access to the path 'C:\Users\hersh\AppData\Roaming\NuGet\NuGet.Config' is denied. [C:\WorkSrc\MUTHUR\.worktrees\T-119\.worktrees\w119b\tests\Muthur.Launch.Tests\Muthur.Launch.Tests.csproj]
C:\Program Files\dotnet\sdk\10.0.204\NuGet.targets(780,5): error : Failed to read NuGet.Config due to unauthorized access. Path: 'C:\Users\hersh\AppData\Roaming\NuGet\NuGet.Config'. [C:\WorkSrc\MUTHUR\.worktrees\T-119\.worktrees\w119b\src\Muthur.Launch\Muthur.Launch.csproj]
C:\Program Files\dotnet\sdk\10.0.204\NuGet.targets(780,5): error :   Access to the path 'C:\Users\hersh\AppData\Roaming\NuGet\NuGet.Config' is denied. [C:\WorkSrc\MUTHUR\.worktrees\T-119\.worktrees\w119b\src\Muthur.Launch\Muthur.Launch.csproj]
C:\Program Files\dotnet\sdk\10.0.204\NuGet.targets(780,5): error : Failed to read NuGet.Config due to unauthorized access. Path: 'C:\Users\hersh\AppData\Roaming\NuGet\NuGet.Config'. [C:\WorkSrc\MUTHUR\.worktrees\T-119\.worktrees\w119b\src\Muthur.Core\Muthur.Core.csproj]
C:\Program Files\dotnet\sdk\10.0.204\NuGet.targets(780,5): error :   Access to the path 'C:\Users\hersh\AppData\Roaming\NuGet\NuGet.Config' is denied. [C:\WorkSrc\MUTHUR\.worktrees\T-119\.worktrees\w119b\src\Muthur.Core\Muthur.Core.csproj]
C:\Program Files\dotnet\sdk\10.0.204\NuGet.targets(780,5): error : Failed to read NuGet.Config due to unauthorized access. Path: 'C:\Users\hersh\AppData\Roaming\NuGet\NuGet.Config'. [C:\WorkSrc\MUTHUR\.worktrees\T-119\.worktrees\w119b\tests\Muthur.Cli.Tests\Muthur.Cli.Tests.csproj]
C:\Program Files\dotnet\sdk\10.0.204\NuGet.targets(780,5): error :   Access to the path 'C:\Users\hersh\AppData\Roaming\NuGet\NuGet.Config' is denied. [C:\WorkSrc\MUTHUR\.worktrees\T-119\.worktrees\w119b\tests\Muthur.Cli.Tests\Muthur.Cli.Tests.csproj]
C:\Program Files\dotnet\sdk\10.0.204\NuGet.targets(780,5): error : Failed to read NuGet.Config due to unauthorized access. Path: 'C:\Users\hersh\AppData\Roaming\NuGet\NuGet.Config'. [C:\WorkSrc\MUTHUR\.worktrees\T-119\.worktrees\w119b\src\Muthur.Data\Muthur.Data.csproj]
C:\Program Files\dotnet\sdk\10.0.204\NuGet.targets(780,5): error :   Access to the path 'C:\Users\hersh\AppData\Roaming\NuGet\NuGet.Config' is denied. [C:\WorkSrc\MUTHUR\.worktrees\T-119\.worktrees\w119b\src\Muthur.Data\Muthur.Data.csproj]
C:\Program Files\dotnet\sdk\10.0.204\NuGet.targets(780,5): error : Failed to read NuGet.Config due to unauthorized access. Path: 'C:\Users\hersh\AppData\Roaming\NuGet\NuGet.Config'. [C:\WorkSrc\MUTHUR\.worktrees\T-119\.worktrees\w119b\src\Muthur.Server\Muthur.Server.csproj]
C:\Program Files\dotnet\sdk\10.0.204\NuGet.targets(780,5): error :   Access to the path 'C:\Users\hersh\AppData\Roaming\NuGet\NuGet.Config' is denied. [C:\WorkSrc\MUTHUR\.worktrees\T-119\.worktrees\w119b\src\Muthur.Server\Muthur.Server.csproj]
C:\Program Files\dotnet\sdk\10.0.204\NuGet.targets(780,5): error : Failed to read NuGet.Config due to unauthorized access. Path: 'C:\Users\hersh\AppData\Roaming\NuGet\NuGet.Config'. [C:\WorkSrc\MUTHUR\.worktrees\T-119\.worktrees\w119b\src\Muthur.Cli\Muthur.Cli.csproj]
C:\Program Files\dotnet\sdk\10.0.204\NuGet.targets(780,5): error :   Access to the path 'C:\Users\hersh\AppData\Roaming\NuGet\NuGet.Config' is denied. [C:\WorkSrc\MUTHUR\.worktrees\T-119\.worktrees\w119b\src\Muthur.Cli\Muthur.Cli.csproj]

Build FAILED.

C:\Program Files\dotnet\sdk\10.0.204\NuGet.targets(780,5): error : Failed to read NuGet.Config due to unauthorized access. Path: 'C:\Users\hersh\AppData\Roaming\NuGet\NuGet.Config'. [C:\WorkSrc\MUTHUR\.worktrees\T-119\.worktrees\w119b\tests\Muthur.XmlDocCheck.Tests\Muthur.XmlDocCheck.Tests.csproj]
C:\Program Files\dotnet\sdk\10.0.204\NuGet.targets(780,5): error :   Access to the path 'C:\Users\hersh\AppData\Roaming\NuGet\NuGet.Config' is denied. [C:\WorkSrc\MUTHUR\.worktrees\T-119\.worktrees\w119b\tests\Muthur.XmlDocCheck.Tests\Muthur.XmlDocCheck.Tests.csproj]
C:\Program Files\dotnet\sdk\10.0.204\NuGet.targets(780,5): error : Failed to read NuGet.Config due to unauthorized access. Path: 'C:\Users\hersh\AppData\Roaming\NuGet\NuGet.Config'. [C:\WorkSrc\MUTHUR\.worktrees\T-119\.worktrees\w119b\tools\Muthur.XmlDocCheck\Muthur.XmlDocCheck.csproj]
C:\Program Files\dotnet\sdk\10.0.204\NuGet.targets(780,5): error :   Access to the path 'C:\Users\hersh\AppData\Roaming\NuGet\NuGet.Config' is denied. [C:\WorkSrc\MUTHUR\.worktrees\T-119\.worktrees\w119b\tools\Muthur.XmlDocCheck\Muthur.XmlDocCheck.csproj]
C:\Program Files\dotnet\sdk\10.0.204\NuGet.targets(780,5): error : Failed to read NuGet.Config due to unauthorized access. Path: 'C:\Users\hersh\AppData\Roaming\NuGet\NuGet.Config'. [C:\WorkSrc\MUTHUR\.worktrees\T-119\.worktrees\w119b\tests\Muthur.Server.Tests\Muthur.Server.Tests.csproj]
C:\Program Files\dotnet\sdk\10.0.204\NuGet.targets(780,5): error :   Access to the path 'C:\Users\hersh\AppData\Roaming\NuGet\NuGet.Config' is denied. [C:\WorkSrc\MUTHUR\.worktrees\T-119\.worktrees\w119b\tests\Muthur.Server.Tests\Muthur.Server.Tests.csproj]
C:\Program Files\dotnet\sdk\10.0.204\NuGet.targets(780,5): error : Failed to read NuGet.Config due to unauthorized access. Path: 'C:\Users\hersh\AppData\Roaming\NuGet\NuGet.Config'. [C:\WorkSrc\MUTHUR\.worktrees\T-119\.worktrees\w119b\tests\Muthur.Core.Tests\Muthur.Core.Tests.csproj]
C:\Program Files\dotnet\sdk\10.0.204\NuGet.targets(780,5): error :   Access to the path 'C:\Users\hersh\AppData\Roaming\NuGet\NuGet.Config' is denied. [C:\WorkSrc\MUTHUR\.worktrees\T-119\.worktrees\w119b\tests\Muthur.Core.Tests\Muthur.Core.Tests.csproj]
C:\Program Files\dotnet\sdk\10.0.204\NuGet.targets(780,5): error : Failed to read NuGet.Config due to unauthorized access. Path: 'C:\Users\hersh\AppData\Roaming\NuGet\NuGet.Config'. [C:\WorkSrc\MUTHUR\.worktrees\T-119\.worktrees\w119b\src\Muthur.Contracts\Muthur.Contracts.csproj]
C:\Program Files\dotnet\sdk\10.0.204\NuGet.targets(780,5): error :   Access to the path 'C:\Users\hersh\AppData\Roaming\NuGet\NuGet.Config' is denied. [C:\WorkSrc\MUTHUR\.worktrees\T-119\.worktrees\w119b\src\Muthur.Contracts\Muthur.Contracts.csproj]
C:\Program Files\dotnet\sdk\10.0.204\NuGet.targets(780,5): error : Failed to read NuGet.Config due to unauthorized access. Path: 'C:\Users\hersh\AppData\Roaming\NuGet\NuGet.Config'. [C:\WorkSrc\MUTHUR\.worktrees\T-119\.worktrees\w119b\tests\Muthur.Launch.Tests\Muthur.Launch.Tests.csproj]
C:\Program Files\dotnet\sdk\10.0.204\NuGet.targets(780,5): error :   Access to the path 'C:\Users\hersh\AppData\Roaming\NuGet\NuGet.Config' is denied. [C:\WorkSrc\MUTHUR\.worktrees\T-119\.worktrees\w119b\tests\Muthur.Launch.Tests\Muthur.Launch.Tests.csproj]
C:\Program Files\dotnet\sdk\10.0.204\NuGet.targets(780,5): error : Failed to read NuGet.Config due to unauthorized access. Path: 'C:\Users\hersh\AppData\Roaming\NuGet\NuGet.Config'. [C:\WorkSrc\MUTHUR\.worktrees\T-119\.worktrees\w119b\src\Muthur.Launch\Muthur.Launch.csproj]
C:\Program Files\dotnet\sdk\10.0.204\NuGet.targets(780,5): error :   Access to the path 'C:\Users\hersh\AppData\Roaming\NuGet\NuGet.Config' is denied. [C:\WorkSrc\MUTHUR\.worktrees\T-119\.worktrees\w119b\src\Muthur.Launch\Muthur.Launch.csproj]
C:\Program Files\dotnet\sdk\10.0.204\NuGet.targets(780,5): error : Failed to read NuGet.Config due to unauthorized access. Path: 'C:\Users\hersh\AppData\Roaming\NuGet\NuGet.Config'. [C:\WorkSrc\MUTHUR\.worktrees\T-119\.worktrees\w119b\src\Muthur.Core\Muthur.Core.csproj]
C:\Program Files\dotnet\sdk\10.0.204\NuGet.targets(780,5): error :   Access to the path 'C:\Users\hersh\AppData\Roaming\NuGet\NuGet.Config' is denied. [C:\WorkSrc\MUTHUR\.worktrees\T-119\.worktrees\w119b\src\Muthur.Core\Muthur.Core.csproj]
C:\Program Files\dotnet\sdk\10.0.204\NuGet.targets(780,5): error : Failed to read NuGet.Config due to unauthorized access. Path: 'C:\Users\hersh\AppData\Roaming\NuGet\NuGet.Config'. [C:\WorkSrc\MUTHUR\.worktrees\T-119\.worktrees\w119b\tests\Muthur.Cli.Tests\Muthur.Cli.Tests.csproj]
C:\Program Files\dotnet\sdk\10.0.204\NuGet.targets(780,5): error :   Access to the path 'C:\Users\hersh\AppData\Roaming\NuGet\NuGet.Config' is denied. [C:\WorkSrc\MUTHUR\.worktrees\T-119\.worktrees\w119b\tests\Muthur.Cli.Tests\Muthur.Cli.Tests.csproj]
C:\Program Files\dotnet\sdk\10.0.204\NuGet.targets(780,5): error : Failed to read NuGet.Config due to unauthorized access. Path: 'C:\Users\hersh\AppData\Roaming\NuGet\NuGet.Config'. [C:\WorkSrc\MUTHUR\.worktrees\T-119\.worktrees\w119b\src\Muthur.Data\Muthur.Data.csproj]
C:\Program Files\dotnet\sdk\10.0.204\NuGet.targets(780,5): error :   Access to the path 'C:\Users\hersh\AppData\Roaming\NuGet\NuGet.Config' is denied. [C:\WorkSrc\MUTHUR\.worktrees\T-119\.worktrees\w119b\src\Muthur.Data\Muthur.Data.csproj]
C:\Program Files\dotnet\sdk\10.0.204\NuGet.targets(780,5): error : Failed to read NuGet.Config due to unauthorized access. Path: 'C:\Users\hersh\AppData\Roaming\NuGet\NuGet.Config'. [C:\WorkSrc\MUTHUR\.worktrees\T-119\.worktrees\w119b\src\Muthur.Server\Muthur.Server.csproj]
C:\Program Files\dotnet\sdk\10.0.204\NuGet.targets(780,5): error :   Access to the path 'C:\Users\hersh\AppData\Roaming\NuGet\NuGet.Config' is denied. [C:\WorkSrc\MUTHUR\.worktrees\T-119\.worktrees\w119b\src\Muthur.Server\Muthur.Server.csproj]
C:\Program Files\dotnet\sdk\10.0.204\NuGet.targets(780,5): error : Failed to read NuGet.Config due to unauthorized access. Path: 'C:\Users\hersh\AppData\Roaming\NuGet\NuGet.Config'. [C:\WorkSrc\MUTHUR\.worktrees\T-119\.worktrees\w119b\src\Muthur.Cli\Muthur.Cli.csproj]
C:\Program Files\dotnet\sdk\10.0.204\NuGet.targets(780,5): error :   Access to the path 'C:\Users\hersh\AppData\Roaming\NuGet\NuGet.Config' is denied. [C:\WorkSrc\MUTHUR\.worktrees\T-119\.worktrees\w119b\src\Muthur.Cli\Muthur.Cli.csproj]
    0 Warning(s)
    12 Error(s)

Time Elapsed 00:00:03.86
